// Jest Snapshot v1, https://goo.gl/fbAQLP

exports[`Pruebas en TodoList.js Mostrat el componente correctamente 1`] = `
<ul>
  <TodoListItem
    handleDelete={[Function]}
    handleToggleDone={[Function]}
    index={0}
    key="1"
    todo={
      Object {
        "desc": "Aprender pintura",
        "done": false,
        "id": 1,
      }
    }
  />
  <TodoListItem
    handleDelete={[Function]}
    handleToggleDone={[Function]}
    index={1}
    key="2"
    todo={
      Object {
        "desc": "Aprender beisbol",
        "done": false,
        "id": 2,
      }
    }
  />
</ul>
`;
