// Jest Snapshot v1, https://goo.gl/fbAQLP

exports[`Pruebas en TodoFormAdd.js Mostrar el componente correctamente 1`] = `
<Fragment>
  <h6>
    Agregar TODO
  </h6>
  <hr />
  <form
    className="d-grid gap-2"
    onSubmit={[Function]}
  >
    <input
      autoComplete="off"
      className="form-control"
      name="description"
      onChange={[Function]}
      placeholder="TODO...."
      type="text"
      value=""
    />
    <button
      className="btn btn-outline-success mt-1 "
      type="submit"
    >
      Add
    </button>
  </form>
</Fragment>
`;
